
> united-album@0.1.0 test
> jest __tests__/FaceGallery.test.js __tests__/MobileAccessQR.test.js --verbose

npm : FAIL __tests__/MobileAccessQR.test.js
At line:1 char:1
+ npm test __tests__/FaceGallery.test.js 
__tests__/MobileAccessQR.test. ...
+ ~~~~~~~~~~~~~~~~~~~~~~~~~~~~~~~~~~~~~~~~~~
~~~~~~~~~~~~~~~~~~~~~~~~~~~
    + CategoryInfo          : NotSpecified: 
    (FAIL __tests__/MobileAccessQR.test.js  
  :String) [], RemoteException
    + FullyQualifiedErrorId : NativeCommand 
   Error
 
  MobileAccessQR Component
    ├ק renders the component title (5 ms)
    ├ק fetches local IP and generates QR 
code with correct URL
    ├ק falls back to current URL if IP 
fetch fails

  Γקן MobileAccessQR Component Γא║ renders 
the component title

    TypeError: 'toString' called on an 
object that is not a valid instance of 
Location.

    [0m [90m 21 |[39m     beforeAll(() 
[33m=>[39m {
     [90m 22 |[39m         
[36mdelete[39m 
window[33m.[39mlocation[33m;[39m
    [31m[1m>[22m[39m[90m 23 |[39m     
    window[33m.[39mlocation [33m=[39m { 
[33m...[39mlocation[33m,[39m 
href[33m:[39m 
[32m'http://localhost:3000'[39m 
}[33m;[39m
     [90m    |[39m                        
[31m[1m^[22m[39m
     [90m 24 |[39m     })[33m;[39m
     [90m 25 |[39m
     [90m 26 |[39m     afterAll(() 
[33m=>[39m {[0m

      at Object.toString (node_modules/jsdom
/lib/jsdom/living/generated/Location.js:130:
17)
          at String (<anonymous>)
      at Object.exports.DOMString (node_modu
les/webidl-conversions/lib/index.js:250:10)
      at Object.exports.USVString (node_modu
les/webidl-conversions/lib/index.js:266:21)
      at Location.set href [as href] (node_m
odules/jsdom/lib/jsdom/living/generated/Loca
tion.js:120:37)
          at Reflect.set (<anonymous>)
      at Window.set location [as location] (
node_modules/jsdom/lib/jsdom/browser/Window.
js:424:15)
      at Object.<anonymous> 
(__tests__/MobileAccessQR.test.js:23:24)

  Γקן MobileAccessQR Component Γא║ fetches 
local IP and generates QR code with correct 
URL

    TypeError: 'toString' called on an 
object that is not a valid instance of 
Location.

    [0m [90m 21 |[39m     beforeAll(() 
[33m=>[39m {
     [90m 22 |[39m         
[36mdelete[39m 
window[33m.[39mlocation[33m;[39m
    [31m[1m>[22m[39m[90m 23 |[39m     
    window[33m.[39mlocation [33m=[39m { 
[33m...[39mlocation[33m,[39m 
href[33m:[39m 
[32m'http://localhost:3000'[39m 
}[33m;[39m
     [90m    |[39m                        
[31m[1m^[22m[39m
     [90m 24 |[39m     })[33m;[39m
     [90m 25 |[39m
     [90m 26 |[39m     afterAll(() 
[33m=>[39m {[0m

      at Object.toString (node_modules/jsdom
/lib/jsdom/living/generated/Location.js:130:
17)
          at String (<anonymous>)
      at Object.exports.DOMString (node_modu
les/webidl-conversions/lib/index.js:250:10)
      at Object.exports.USVString (node_modu
les/webidl-conversions/lib/index.js:266:21)
      at Location.set href [as href] (node_m
odules/jsdom/lib/jsdom/living/generated/Loca
tion.js:120:37)
          at Reflect.set (<anonymous>)
      at Window.set location [as location] (
node_modules/jsdom/lib/jsdom/browser/Window.
js:424:15)
      at Object.<anonymous> 
(__tests__/MobileAccessQR.test.js:23:24)

  Γקן MobileAccessQR Component Γא║ falls 
back to current URL if IP fetch fails

    TypeError: 'toString' called on an 
object that is not a valid instance of 
Location.

    [0m [90m 21 |[39m     beforeAll(() 
[33m=>[39m {
     [90m 22 |[39m         
[36mdelete[39m 
window[33m.[39mlocation[33m;[39m
    [31m[1m>[22m[39m[90m 23 |[39m     
    window[33m.[39mlocation [33m=[39m { 
[33m...[39mlocation[33m,[39m 
href[33m:[39m 
[32m'http://localhost:3000'[39m 
}[33m;[39m
     [90m    |[39m                        
[31m[1m^[22m[39m
     [90m 24 |[39m     })[33m;[39m
     [90m 25 |[39m
     [90m 26 |[39m     afterAll(() 
[33m=>[39m {[0m

      at Object.toString (node_modules/jsdom
/lib/jsdom/living/generated/Location.js:130:
17)
          at String (<anonymous>)
      at Object.exports.DOMString (node_modu
les/webidl-conversions/lib/index.js:250:10)
      at Object.exports.USVString (node_modu
les/webidl-conversions/lib/index.js:266:21)
      at Location.set href [as href] (node_m
odules/jsdom/lib/jsdom/living/generated/Loca
tion.js:120:37)
          at Reflect.set (<anonymous>)
      at Window.set location [as location] (
node_modules/jsdom/lib/jsdom/browser/Window.
js:424:15)
      at Object.<anonymous> 
(__tests__/MobileAccessQR.test.js:23:24)

FAIL __tests__/FaceGallery.test.js
  AlbumGallery Component
    Γטת renders the gallery title (93 ms)
    Γטת fetches and displays photos (78 ms)
    ├ק filters photos by pose (1019 ms)
    Γטת filters photos by face (30 ms)

  Γקן AlbumGallery Component Γא║ filters 
photos by pose

    Found multiple elements with the text: 
pose2

    Here are the matching elements:

    Ignored nodes: comments, script, style
    [36m<button[39m
      [33mclass[39m=[32m"chip "[39m
    [36m>[39m
      [0mpose2[0m
    [36m</button>[39m

    Ignored nodes: comments, script, style
    [36m<div>[39m
      [0mpose2[0m
    [36m</div>[39m

    Ignored nodes: comments, script, style
    [36m<div>[39m
      [0mpose2[0m
    [36m</div>[39m

    (If this is intentional, then use the 
`*AllBy*` variant of the query (like 
`queryAllByText`, `getAllByText`, or 
`findAllByText`)).

    Ignored nodes: comments, script, style
    [36m<body>[39m
      [36m<div>[39m
        [36m<div[39m
          
[33mclass[39m=[32m"face-gallery 
card"[39m
          [33mstyle[39m=[32m"margin-top: 
2rem;"[39m
        [36m>[39m
          [36m<h2[39m
            
[33mstyle[39m=[32m"font-weight: 400; 
margin-bottom: 2rem; font-family: 
\"Playfair Display\", serif;"[39m
          [36m>[39m
            [0mAlbum Gallery[0m
          [36m</h2>[39m
          [36m<div[39m
            
[33mclass[39m=[32m"filter-container"[39m
          [36m>[39m
            [36m<div[39m
              
[33mclass[39m=[32m"filter-group"[39m
            [36m>[39m
              [36m<span[39m
                
[33mclass[39m=[32m"filter-label"[39m
              [36m>[39m
                [0mFilter by Pose[0m
              [36m</span>[39m
              [36m<div[39m
                
[33mclass[39m=[32m"filter-chips"[39m
              [36m>[39m
                [36m<button[39m
                  
[33mclass[39m=[32m"chip active"[39m
                [36m>[39m
                  [0mAll Poses[0m
                [36m</button>[39m
                [36m<button[39m
                  
[33mclass[39m=[32m"chip "[39m
                [36m>[39m
                  [0mpose1[0m
                [36m</button>[39m
                [36m<button[39m
                  
[33mclass[39m=[32m"chip "[39m
                [36m>[39m
                  [0mpose2[0m
                [36m</button>[39m
              [36m</div>[39m
            [36m</div>[39m
            [36m<div[39m
              
[33mclass[39m=[32m"filter-group"[39m
            [36m>[39m
              [36m<span[39m
                
[33mclass[39m=[32m"filter-label"[39m
              [36m>[39m
                [0mFilter by Face[0m
              [36m</span>[39m
              [36m<div[39m
                
[33mclass[39m=[32m"filter-chips"[39m
              [36m>[39m
                [36m<button[39m
                  
[33mclass[39m=[32m"chip active"[39m
                [36m>[39m
                  [0mAll Faces[0m
                [36m</button>[39m
                [36m<button[39m
                  
[33mclass[39m=[32m"chip "[39m
                [36m>[39m
                  [0mface1[0m
                [36m</button>[39m
                [36m<button[39m
                  
[33mclass[39m=[32m"chip "[39m
                [36m>[39m
                  [0mface2[0m
                [36m</button>[39m
              [36m</div>[39m
            [36m</div>[39m
          [36m</div>[39m
          [36m<div[39m
            
[33mclass[39m=[32m"gallery-grid"[39m
            [33mstyle[39m=[32m""[39m
          [36m>[39m
            [36m<div[39m
              
[33mclass[39m=[32m"photo-card"[39m
            [36m>[39m
              [36m<img[39m
                [33malt[39m=[32m"Wedding 
Photo"[39m
                
[33msrc[39m=[32m"/test1.jpg"[39m
                
[33mstyle[39m=[32m"object-fit: 
cover;"[39m
              [36m/>[39m
              [36m<div[39m
                
[33mclass[39m=[32m"photo-info"[39m
              [36m>[39m
                [36m<div>[39m
                  [0mpose1[0m
                [36m</div>[39m
                [36m<div[39m
                  
[33mstyle[39m=[32m"font-size: 0.6rem; 
opacity: 0.8;"[39m
                [36m>[39m
                  [0m13.1.2026[0m
                [36m</div>[39m
              [36m</div>[39m
            [36m</div>[39m
            [36m<div[39m
              
[33mclass[39m=[32m"photo-card"[39m
            [36m>[39m
              [36m<img[39m
                [33malt[39m=[32m"Wedding 
Photo"[39m
                
[33msrc[39m=[32m"/test2.jpg"[39m
                
[33mstyle[39m=[32m"object-fit: 
cover;"[39m
              [36m/>[39m
              [36m<div[39m
                
[33mclass[39m=[32m"photo-info"[39m
              [36m>[39m
                [36m<div>[39m
                  [0mpose2[0m
                [36m</div>[39m
                [36m<div[39m
                  
[33mstyle[39m=[32m"font-size: 0.6rem; 
opacity: 0.8;"[39m
                [36m>[39m
                  [0m13.1.2026[0m
                [36m</div>[39m
              [36m</div>[39m
            [36m</div>[39m
            [36m<div[39m
              
[33mclass[39m=[32m"photo-card"[39m
            [36m>[39m
              [36m<img[39m
                [33malt[39m=[32m"Wedding 
Photo"[39m
                
[33msrc[39m=[32m"/test3.jpg"[39m
                
[33mstyle[39m=[32m"object-fit: 
cover;"[39m
              [36m/>[39m
              [36m<div[39m
                
[33mclass[39m=[32m"photo-info"[39m
              [36m>[39m
                [36m<div>[39m
                  [0mpose2[0m
                [36m</div>[39m
                [36m<div[39m
                  
[33mstyle[39m=[32m"font-size: 0.6rem; 
opacity: 0.8;"[39m
                [36m>[39m
                  [0m13.1.2026[0m
                [36m</div>[39m
              [36m</div>[39m
            [36m</div>[39m
          [36m</div>[39m
        [36m</div>[39m
      [36m</div>[39m
    [36m</body>[39m

    [0m [90m 42 |[39m         
})[33m;[39m
     [90m 43 |[39m
    [31m[1m>[22m[39m[90m 44 |[39m     
    [36mconst[39m pose2Btn [33m=[39m 
[36mawait[39m screen[33m.[39mfindByText(
[32m'pose2'[39m)[33m;[39m
     [90m    |[39m                        
               [31m[1m^[22m[39m
     [90m 45 |[39m         
[36mawait[39m act([36masync[39m () 
[33m=>[39m {
     [90m 46 |[39m             fireEvent[
33m.[39mclick(pose2Btn)[33m;[39m
     [90m 47 |[39m         
})[33m;[39m[0m

      at waitForWrapper (node_modules/@testi
ng-library/dom/dist/wait-for.js:163:27)
      at node_modules/@testing-library/dom/d
ist/query-helpers.js:86:33
      at Object.findByText 
(__tests__/FaceGallery.test.js:44:39)

Test Suites: 2 failed, 2 total
Tests:       4 failed, 3 passed, 7 total
Snapshots:   0 total
Time:        2.915 s, estimated 4 s
Ran all test suites matching __tests__/FaceG
allery.test.js|__tests__/MobileAccessQR.test
.js.
