
> united-album@0.1.0 test
> jest __tests__/FaceGallery.test.js

  console.error
    An update to AlbumGallery inside a test was not wrapped in act(...).
    
    When testing, code that causes React state updates should be wrapped into act(...):
    
    act(() => {
      /* fire events that update state */
    });
    /* assert on the output */
    
    This ensures that you're testing the behavior the user would see in the browser. Learn more at https://react.dev/link/wrap-tests-with-act

    [0m [90m 13 |[39m             [36mconst[39m res [33m=[39m [36mawait[39m fetch([32m'/api/photos'[39m)[33m;[39m
     [90m 14 |[39m             [36mconst[39m data [33m=[39m [36mawait[39m res[33m.[39mjson()[33m;[39m
    [31m[1m>[22m[39m[90m 15 |[39m             setPhotos(data)[33m;[39m
     [90m    |[39m             [31m[1m^[22m[39m
     [90m 16 |[39m         } [36mcatch[39m (err) {
     [90m 17 |[39m             console[33m.[39merror([32m'Failed to fetch photos:'[39m[33m,[39m err)[33m;[39m
     [90m 18 |[39m         } [36mfinally[39m {[0m

      at node_modules/react-dom/cjs/react-dom-client.development.js:18758:19
      at runWithFiberInDEV (node_modules/react-dom/cjs/react-dom-client.development.js:874:13)
      at warnIfUpdatesNotWrappedWithActDEV (node_modules/react-dom/cjs/react-dom-client.development.js:18757:9)
      at scheduleUpdateOnFiber (node_modules/react-dom/cjs/react-dom-client.development.js:16409:11)
      at dispatchSetStateInternal (node_modules/react-dom/cjs/react-dom-client.development.js:9170:13)
      at dispatchSetState (node_modules/react-dom/cjs/react-dom-client.development.js:9127:7)
      at setPhotos (components/FaceGallery.js:15:13)

  console.error
    An update to AlbumGallery inside a test was not wrapped in act(...).
    
    When testing, code that causes React state updates should be wrapped into act(...):
    
    act(() => {
      /* fire events that update state */
    });
    /* assert on the output */
    
    This ensures that you're testing the behavior the user would see in the browser. Learn more at https://react.dev/link/wrap-tests-with-act

    [0m [90m 17 |[39m             console[33m.[39merror([32m'Failed to fetch photos:'[39m[33m,[39m err)[33m;[39m
     [90m 18 |[39m         } [36mfinally[39m {
    [31m[1m>[22m[39m[90m 19 |[39m             setLoading([36mfalse[39m)[33m;[39m
     [90m    |[39m             [31m[1m^[22m[39m
     [90m 20 |[39m         }
     [90m 21 |[39m     }[33m;[39m
     [90m 22 |[39m[0m

      at node_modules/react-dom/cjs/react-dom-client.development.js:18758:19
      at runWithFiberInDEV (node_modules/react-dom/cjs/react-dom-client.development.js:874:13)
      at warnIfUpdatesNotWrappedWithActDEV (node_modules/react-dom/cjs/react-dom-client.development.js:18757:9)
      at scheduleUpdateOnFiber (node_modules/react-dom/cjs/react-dom-client.development.js:16409:11)
      at dispatchSetStateInternal (node_modules/react-dom/cjs/react-dom-client.development.js:9170:13)
      at dispatchSetState (node_modules/react-dom/cjs/react-dom-client.development.js:9127:7)
      at setLoading (components/FaceGallery.js:19:13)

npm : FAIL __tests__/FaceGallery.test.js
At line:1 char:1
+ npm test __tests__/FaceGallery.test.js > 
test_output.txt 2>&1
+ ~~~~~~~~~~~~~~~~~~~~~~~~~~~~~~~~~~~~~~~~~~
~~~~~~~~~~~~~~~~~~~
    + CategoryInfo          : NotSpecified: 
    (FAIL __tests__/FaceGallery.test.js:St  
  ring) [], RemoteException
    + FullyQualifiedErrorId : NativeCommand 
   Error
 
  AlbumGallery Component
    Γטת renders the gallery title (78 ms)
    Γטת fetches and displays photos (119 ms)
    ├ק filters photos by pose (1025 ms)
    Γטת filters photos by face (41 ms)
    Γטת shows empty message when no photos 
found (32 ms)

  Γקן AlbumGallery Component Γא║ filters 
photos by pose

    Found multiple elements with the text: 
pose2

    Here are the matching elements:

    Ignored nodes: comments, script, style
    [36m<button[39m
      [33mclass[39m=[32m"chip "[39m
    [36m>[39m
      [0mpose2[0m
    [36m</button>[39m

    Ignored nodes: comments, script, style
    [36m<div>[39m
      [0mpose2[0m
    [36m</div>[39m

    Ignored nodes: comments, script, style
    [36m<div>[39m
      [0mpose2[0m
    [36m</div>[39m

    (If this is intentional, then use the 
`*AllBy*` variant of the query (like 
`queryAllByText`, `getAllByText`, or 
`findAllByText`)).

    Ignored nodes: comments, script, style
    [36m<body>[39m
      [36m<div>[39m
        [36m<div[39m
          
[33mclass[39m=[32m"face-gallery 
card"[39m
          [33mstyle[39m=[32m"margin-top: 
2rem;"[39m
        [36m>[39m
          [36m<h2[39m
            
[33mstyle[39m=[32m"font-weight: 400; 
margin-bottom: 2rem; font-family: 
\"Playfair Display\", serif;"[39m
          [36m>[39m
            [0mAlbum Gallery[0m
          [36m</h2>[39m
          [36m<div[39m
            
[33mclass[39m=[32m"filter-container"[39m
          [36m>[39m
            [36m<div[39m
              
[33mclass[39m=[32m"filter-group"[39m
            [36m>[39m
              [36m<span[39m
                
[33mclass[39m=[32m"filter-label"[39m
              [36m>[39m
                [0mFilter by Pose[0m
              [36m</span>[39m
              [36m<div[39m
                
[33mclass[39m=[32m"filter-chips"[39m
              [36m>[39m
                [36m<button[39m
                  
[33mclass[39m=[32m"chip active"[39m
                [36m>[39m
                  [0mAll Poses[0m
                [36m</button>[39m
                [36m<button[39m
                  
[33mclass[39m=[32m"chip "[39m
                [36m>[39m
                  [0mpose1[0m
                [36m</button>[39m
                [36m<button[39m
                  
[33mclass[39m=[32m"chip "[39m
                [36m>[39m
                  [0mpose2[0m
                [36m</button>[39m
              [36m</div>[39m
            [36m</div>[39m
            [36m<div[39m
              
[33mclass[39m=[32m"filter-group"[39m
            [36m>[39m
              [36m<span[39m
                
[33mclass[39m=[32m"filter-label"[39m
              [36m>[39m
                [0mFilter by Face[0m
              [36m</span>[39m
              [36m<div[39m
                
[33mclass[39m=[32m"filter-chips"[39m
              [36m>[39m
                [36m<button[39m
                  
[33mclass[39m=[32m"chip active"[39m
                [36m>[39m
                  [0mAll Faces[0m
                [36m</button>[39m
                [36m<button[39m
                  
[33mclass[39m=[32m"chip "[39m
                [36m>[39m
                  [0mface1[0m
                [36m</button>[39m
                [36m<button[39m
                  
[33mclass[39m=[32m"chip "[39m
                [36m>[39m
                  [0mface2[0m
                [36m</button>[39m
              [36m</div>[39m
            [36m</div>[39m
          [36m</div>[39m
          [36m<div[39m
            
[33mclass[39m=[32m"gallery-grid"[39m
            [33mstyle[39m=[32m""[39m
          [36m>[39m
            [36m<div[39m
              
[33mclass[39m=[32m"photo-card"[39m
            [36m>[39m
              [36m<img[39m
                [33malt[39m=[32m"Wedding 
Photo"[39m
                
[33mclass[39m=[32m"gallery-image"[39m
                
[33mdata-nimg[39m=[32m"fill"[39m
                
[33mdecoding[39m=[32m"async"[39m
                
[33mloading[39m=[32m"lazy"[39m
                
[33msrc[39m=[32m"/test1.jpg"[39m
                
[33mstyle[39m=[32m"position: absolute; 
height: 100%; width: 100%; left: 0px; top: 
0px; right: 0px; bottom: 0px; color: 
transparent;"[39m
              [36m/>[39m
              [36m<div[39m
                
[33mclass[39m=[32m"photo-info"[39m
              [36m>[39m
                [36m<div>[39m
                  [0mpose1[0m
                [36m</div>[39m
                [36m<div[39m
                  
[33mstyle[39m=[32m"font-size: 0.6rem; 
opacity: 0.8;"[39m
                [36m>[39m
                  [0m13.1.2026[0m
                [36m</div>[39m
              [36m</div>[39m
            [36m</div>[39m
            [36m<div[39m
              
[33mclass[39m=[32m"photo-card"[39m
            [36m>[39m
              [36m<img[39m
                [33malt[39m=[32m"Wedding 
Photo"[39m
                
[33mclass[39m=[32m"gallery-image"[39m
                
[33mdata-nimg[39m=[32m"fill"[39m
                
[33mdecoding[39m=[32m"async"[39m
                
[33mloading[39m=[32m"lazy"[39m
                
[33msrc[39m=[32m"/test2.jpg"[39m
                
[33mstyle[39m=[32m"position: absolute; 
height: 100%; width: 100%; left: 0px; top: 
0px; right: 0px; bottom: 0px; color: 
transparent;"[39m
              [36m/>[39m
              [36m<div[39m
                
[33mclass[39m=[32m"photo-info"[39m
              [36m>[39m
                [36m<div>[39m
                  [0mpose2[0m
                [36m</div>[39m
                [36m<div[39m
                  
[33mstyle[39m=[32m"font-size: 0.6rem; 
opacity: 0.8;"[39m
                [36m>[39m
                  [0m13.1.2026[0m
                [36m</div>[39m
              [36m</div>[39m
            [36m</div>[39m
            [36m<div[39m
              
[33mclass[39m=[32m"photo-card"[39m
            [36m>[39m
              [36m<img[39m
                [33malt[39m=[32m"Wedding 
Photo"[39m
                
[33mclass[39m=[32m"gallery-image"[39m
                
[33mdata-nimg[39m=[32m"fill"[39m
                
[33mdecoding[39m=[32m"async"[39m
                
[33mloading[39m=[32m"lazy"[39m
                
[33msrc[39m=[32m"/test3.jpg"[39m
                
[33mstyle[39m=[32m"position: absolute; 
height: 100%; width: 100%; left: 0px; top: 
0px; right: 0px; bottom: 0px; color: 
transparent;"[39m
              [36m/>[39m
              [36m<div[39m
                
[33mclass[39m=[32m"photo-info"[39m
              [36m>[39m
                [36m<div>[39m
                  [0mpose2[0m
                [36m</div>[39m
                [36m<div[39m
                  
[33mstyle[39m=[32m"font-size: 0.6rem; 
opacity: 0.8;"[39m
                [36m>[39m
                  [0m13.1.2026[0m
                [36m</div>[39m
              [36m</div>[39m
            [36m</div>[39m
          [36m</div>[39m
        [36m</div>[39m
      [36m</div>[39m
    [36m</body>[39m

    [0m [90m 34 |[39m         
render([33m<[39m[33mAlbumGallery[39m 
[33m/[39m[33m>[39m)[33m;[39m
     [90m 35 |[39m
    [31m[1m>[22m[39m[90m 36 |[39m     
    [36mconst[39m pose2Btn [33m=[39m 
[36mawait[39m screen[33m.[39mfindByText(
[32m'pose2'[39m)[33m;[39m
     [90m    |[39m                        
               [31m[1m^[22m[39m
     [90m 37 |[39m         fireEvent[33m.
[39mclick(pose2Btn)[33m;[39m
     [90m 38 |[39m
     [90m 39 |[39m         
[36mconst[39m photoCards [33m=[39m 
[36mawait[39m screen[33m.[39mfindAllByRo
le([32m'img'[39m)[33m;[39m[0m

      at waitForWrapper (node_modules/@testi
ng-library/dom/dist/wait-for.js:163:27)
      at node_modules/@testing-library/dom/d
ist/query-helpers.js:86:33
      at Object.findByText 
(__tests__/FaceGallery.test.js:36:39)

Test Suites: 1 failed, 1 total
Tests:       1 failed, 4 passed, 5 total
Snapshots:   0 total
Time:        2.315 s
Ran all test suites matching 
__tests__/FaceGallery.test.js.
